== Cliente y servidor de Docker ==
Client:
 Version:           29.8.0
 API version:       1.56
 Go version:        go1.26.8
 Git commit:        88096ef
 Built:             Thu Sep  3 21:49:51 2026
 OS/Arch:           linux/amd64
 Context:           default

Server: Docker Desktop 4.92.0 (240144)
 Engine:
  Version:          29.8.0
  API version:      1.56 (minimum version 1.40)
  Go version:       go1.26.8
  Git commit:       3ce5872
  Built:            Thu Sep  3 21:51:20 2026
  OS/Arch:          linux/amd64
  Experimental:     false
 containerd:
  Version:          v2.3.5
  GitCommit:        1294c24a7da8e5a793ed378161673abe94118892
 runc:
  Version:          1.5.1
  GitCommit:        v1.5.1-0-g8f2685a4
 docker-init:
  Version:          0.19.0
  GitCommit:        de40ad0

== Prueba real: crear, ejecutar y eliminar un contenedor ==

Hello from Docker!
This message shows that your installation appears to be working correctly.

To generate this message, Docker took the following steps:
 1. The Docker client contacted the Docker daemon.
 2. The Docker daemon pulled the "hello-world" image from the Docker Hub.
    (amd64)
 3. The Docker daemon created a new container from that image which runs the
    executable that produces the output you are currently reading.
 4. The Docker daemon streamed that output to the Docker client, which sent it
    to your terminal.

To try something more ambitious, you can run an Ubuntu container with:
 $ docker run -it ubuntu bash

Share images, automate workflows, and more with a free Docker ID:
 https://hub.docker.com/

For more examples and ideas, visit:
 https://docs.docker.com/get-started/

